---
source: garde_derive_tests/tests/length.rs
expression: snapshot
---
Test {
    field: "aaaaaaaaa",
}
length of `field` is less than 10

Test {
    field: "aaaaaaaaaaaaaaaaaaaaaaaaaaaaaaaaaaaaaaaaaaaaaaaaaaaaaaaaaaaaaaaaaaaaaaaaaaaaaaaaaaaaaaaaaaaaaaaaaaaaa",
}
length of `field` is greater than 100


