---
source: garde/tests/./rules/ip.rs
expression: snapshot
---
TestIpAny {
    field: "256.1.1.1",
    inner: [
        "256.1.1.1",
    ],
}
field: not a valid IP address
inner[0]: not a valid IP address

TestIpAny {
    field: "25.1.1.",
    inner: [
        "25.1.1.",
    ],
}
field: not a valid IP address
inner[0]: not a valid IP address

TestIpAny {
    field: "25,1,1,1",
    inner: [
        "25,1,1,1",
    ],
}
field: not a valid IP address
inner[0]: not a valid IP address

TestIpAny {
    field: "2a02::223:6cff :fe8a:2e8a",
    inner: [
        "2a02::223:6cff :fe8a:2e8a",
    ],
}
field: not a valid IP address
inner[0]: not a valid IP address


