---
source: garde/tests/./rules/credit_card.rs
expression: snapshot
---
Test {
    field: "zduhefljsdfKJKJZHUI",
    inner: [
        "zduhefljsdfKJKJZHUI",
    ],
}
field: not a valid credit card number: invalid format
inner[0]: not a valid credit card number: invalid format

Test {
    field: "5236313877109141",
    inner: [
        "5236313877109141",
    ],
}
field: not a valid credit card number: invalid luhn
inner[0]: not a valid credit card number: invalid luhn


