---
source: garde/tests/./rules/prefix.rs
expression: snapshot
---
Test {
    field: "a",
    inner: [
        "a",
    ],
}
field: value does not begin with "test"
inner[0]: value does not begin with "test"

Test {
    field: "_test",
    inner: [
        "_test",
    ],
}
field: value does not begin with "test"
inner[0]: value does not begin with "test"


