---
source: garde/tests/./rules/char_count.rs
expression: snapshot
---
Test {
    field: "aaaaaaaaa",
    inner: [
        "aaaaaaaaa",
    ],
}
field: character count is lower than 10
inner[0]: character count is lower than 10

Test {
    field: "aaaaaaaaaaaaaaaaaaaaaaaaaaaaaaaaaaaaaaaaaaaaaaaaaaaaaaaaaaaaaaaaaaaaaaaaaaaaaaaaaaaaaaaaaaaaaaaaaaaaa",
    inner: [
        "aaaaaaaaaaaaaaaaaaaaaaaaaaaaaaaaaaaaaaaaaaaaaaaaaaaaaaaaaaaaaaaaaaaaaaaaaaaaaaaaaaaaaaaaaaaaaaaaaaaaa",
    ],
}
field: character count is greater than 100
inner[0]: character count is greater than 100

Test {
    field: "😂😂😂😂😂😂😂😂😂😂😂😂😂😂😂😂😂😂😂😂😂😂😂😂😂😂😂😂😂😂😂😂😂😂😂😂😂😂😂😂😂😂😂😂😂😂😂😂😂😂😂😂😂😂😂😂😂😂😂😂😂😂😂😂😂😂😂😂😂😂😂😂😂😂😂😂😂😂😂😂😂😂😂😂😂😂😂😂😂😂😂😂😂😂😂😂😂😂😂😂😂",
    inner: [
        "😂😂😂😂😂😂😂😂😂😂😂😂😂😂😂😂😂😂😂😂😂😂😂😂😂😂😂😂😂😂😂😂😂😂😂😂😂😂😂😂😂😂😂😂😂😂😂😂😂😂😂😂😂😂😂😂😂😂😂😂😂😂😂😂😂😂😂😂😂😂😂😂😂😂😂😂😂😂😂😂😂😂😂😂😂😂😂😂😂😂😂😂😂😂😂😂😂😂😂😂😂",
    ],
}
field: character count is greater than 100
inner[0]: character count is greater than 100

Test {
    field: "👨\u{200d}👩\u{200d}👦",
    inner: [
        "👨\u{200d}👩\u{200d}👦",
    ],
}
field: character count is lower than 10
inner[0]: character count is lower than 10

Test {
    field: "👨\u{200d}👩\u{200d}👦👨\u{200d}👩\u{200d}👦👨\u{200d}👩\u{200d}👦👨\u{200d}👩\u{200d}👦👨\u{200d}👩\u{200d}👦👨\u{200d}👩\u{200d}👦👨\u{200d}👩\u{200d}👦👨\u{200d}👩\u{200d}👦👨\u{200d}👩\u{200d}👦👨\u{200d}👩\u{200d}👦👨\u{200d}👩\u{200d}👦👨\u{200d}👩\u{200d}👦👨\u{200d}👩\u{200d}👦👨\u{200d}👩\u{200d}👦👨\u{200d}👩\u{200d}👦👨\u{200d}👩\u{200d}👦👨\u{200d}👩\u{200d}👦👨\u{200d}👩\u{200d}👦👨\u{200d}👩\u{200d}👦👨\u{200d}👩\u{200d}👦👨\u{200d}👩\u{200d}👦",
    inner: [
        "👨\u{200d}👩\u{200d}👦👨\u{200d}👩\u{200d}👦👨\u{200d}👩\u{200d}👦👨\u{200d}👩\u{200d}👦👨\u{200d}👩\u{200d}👦👨\u{200d}👩\u{200d}👦👨\u{200d}👩\u{200d}👦👨\u{200d}👩\u{200d}👦👨\u{200d}👩\u{200d}👦👨\u{200d}👩\u{200d}👦👨\u{200d}👩\u{200d}👦👨\u{200d}👩\u{200d}👦👨\u{200d}👩\u{200d}👦👨\u{200d}👩\u{200d}👦👨\u{200d}👩\u{200d}👦👨\u{200d}👩\u{200d}👦👨\u{200d}👩\u{200d}👦👨\u{200d}👩\u{200d}👦👨\u{200d}👩\u{200d}👦👨\u{200d}👩\u{200d}👦👨\u{200d}👩\u{200d}👦",
    ],
}
field: character count is greater than 100
inner[0]: character count is greater than 100


