---
source: garde/tests/./rules/suffix.rs
expression: snapshot
---
Test {
    field: "a",
    inner: [
        "a",
    ],
}
field: does not end with "test"
inner[0]: does not end with "test"

Test {
    field: "test_",
    inner: [
        "test_",
    ],
}
field: does not end with "test"
inner[0]: does not end with "test"


