---
source: garde/tests/./rules/phone_number.rs
expression: snapshot
---
Test {
    field: "14152370800",
    inner: [
        "14152370800",
    ],
}
field: not a valid phone number: invalid country code
inner[0]: not a valid phone number: invalid country code

Test {
    field: "0642926829",
    inner: [
        "0642926829",
    ],
}
field: not a valid phone number: invalid country code
inner[0]: not a valid phone number: invalid country code

Test {
    field: "00642926829",
    inner: [
        "00642926829",
    ],
}
field: not a valid phone number: invalid country code
inner[0]: not a valid phone number: invalid country code

Test {
    field: "A012",
    inner: [
        "A012",
    ],
}
field: not a valid phone number: invalid country code
inner[0]: not a valid phone number: invalid country code

Test {
    field: "TEXT",
    inner: [
        "TEXT",
    ],
}
field: not a valid phone number: not a number
inner[0]: not a valid phone number: not a number


