---
source: garde/tests/./rules/length.rs
expression: snapshot
---
Test {
    field: "aaaaaaaaa",
    inner: [
        "aaaaaaaaa",
    ],
}
value.field: length is lower than 10
value.inner[0]: length is lower than 10

Test {
    field: "aaaaaaaaaaaaaaaaaaaaaaaaaaaaaaaaaaaaaaaaaaaaaaaaaaaaaaaaaaaaaaaaaaaaaaaaaaaaaaaaaaaaaaaaaaaaaaaaaaaaa",
    inner: [
        "aaaaaaaaaaaaaaaaaaaaaaaaaaaaaaaaaaaaaaaaaaaaaaaaaaaaaaaaaaaaaaaaaaaaaaaaaaaaaaaaaaaaaaaaaaaaaaaaaaaaa",
    ],
}
value.field: length is greater than 100
value.inner[0]: length is greater than 100


