---
source: garde/tests/./rules/multi_rule.rs
expression: snapshot
---
Test {
    field: "text which does not begin with `test`",
    inner: [
        "text which does not begin with `test`",
    ],
}
field: value does not begin with "test"
inner[0]: value does not begin with "test"

Test {
    field: "non-ascii 😂😂😂",
    inner: [
        "non-ascii 😂😂😂",
    ],
}
field: not ascii
field: value does not begin with "test"
inner[0]: not ascii
inner[0]: value does not begin with "test"

Test {
    field: "aaaaaaaaa",
    inner: [
        "aaaaaaaaa",
    ],
}
field: length is lower than 10
field: value does not begin with "test"
inner[0]: length is lower than 10
inner[0]: value does not begin with "test"

Test {
    field: "aaaaaaaaaaaaaaaaaaaaaaaaaaaaaaaaaaaaaaaaaaaaaaaaaaaaaaaaaaaaaaaaaaaaaaaaaaaaaaaaaaaaaaaaaaaaaaaaaaaaa",
    inner: [
        "aaaaaaaaaaaaaaaaaaaaaaaaaaaaaaaaaaaaaaaaaaaaaaaaaaaaaaaaaaaaaaaaaaaaaaaaaaaaaaaaaaaaaaaaaaaaaaaaaaaaa",
    ],
}
field: length is greater than 100
field: value does not begin with "test"
inner[0]: length is greater than 100
inner[0]: value does not begin with "test"


