---
source: garde/tests/./rules/length.rs
expression: snapshot
---
Exact {
    field: "",
    inner: [
        "",
    ],
}
field: length is lower than 2
inner[0]: length is lower than 2

Exact {
    field: "a",
    inner: [
        "a",
    ],
}
field: length is lower than 2
inner[0]: length is lower than 2

Exact {
    field: "aaa",
    inner: [
        "aaa",
    ],
}
field: length is greater than 2
inner[0]: length is greater than 2


